---
source: core/tests/suite/mcp_tool_exposure.rs
expression: "format_labeled_requests_snapshot(\"Deferred namespaces appear after Apps recovers between sampling requests.\",\n&[(\"Apps unavailable\", &requests[0]), (\"Apps recovered\", &requests[1]),],)"
---
Scenario: Deferred namespaces appear after Apps recovers between sampling requests.

## Window 1
-- request 1 (turn; Apps unavailable) --
00:message/developer:
    <PERMISSIONS_INSTRUCTIONS>
01:message/developer:
    You are `/root`, the primary agent in a team of agents collaborating to fulfill the user's goals.

    At the start of your turn, you are the active agent.
    You can spawn sub-agents to handle subtasks, and those sub-agents can spawn their own sub-agents.
    All agents in the team, including the agents that you can assign tasks to, are equally intelligent and capable, and have access to the same set of tools.

    You can use `spawn_agent` to create a new agent, `followup_task` to give an existing agent a new task an...message to a running agent without triggering a turn. [hash=7d40ff8b58977202]
    Child agents can also spawn their own sub-agents.
    <OMITTED 16 LINES; ~232 TOKENS; hash=a27a44123e72d894>
    - All agents use the same current working directory.
    - As a result, edits made by one agent are immediately visible to all other agents.

    When calling `wait_agent`, prefer longer waits (minutes) to avoid busy polling.

    There are 4 available concurrency slots, meaning that up to 4 agents can be active at once, including you.

    Full-history forks (`fork_turns` omitted or `"all"`) inherit the parent model and reasoning effort and d...fork_turns` to `"none"` or a positive integer string. [hash=db3545796947884f]
02:message/developer:
    <MULTI_AGENT_MODE>
03:message/user:
    <ENVIRONMENT_CONTEXT>
04:message/user:
    use an app after it recovers

## Window 2 (after request 1: settings changed (tools))
-- request 2 (turn; Apps recovered) --
00:message/developer:
    <PERMISSIONS_INSTRUCTIONS>
01:message/developer:
    You are `/root`, the primary agent in a team of agents collaborating to fulfill the user's goals.

    At the start of your turn, you are the active agent.
    You can spawn sub-agents to handle subtasks, and those sub-agents can spawn their own sub-agents.
    All agents in the team, including the agents that you can assign tasks to, are equally intelligent and capable, and have access to the same set of tools.

    You can use `spawn_agent` to create a new agent, `followup_task` to give an existing agent a new task an...message to a running agent without triggering a turn. [hash=7d40ff8b58977202]
    Child agents can also spawn their own sub-agents.
    <OMITTED 16 LINES; ~232 TOKENS; hash=a27a44123e72d894>
    - All agents use the same current working directory.
    - As a result, edits made by one agent are immediately visible to all other agents.

    When calling `wait_agent`, prefer longer waits (minutes) to avoid busy polling.

    There are 4 available concurrency slots, meaning that up to 4 agents can be active at once, including you.

    Full-history forks (`fork_turns` omitted or `"all"`) inherit the parent model and reasoning effort and d...fork_turns` to `"none"` or a positive integer string. [hash=db3545796947884f]
02:message/developer:
    <MULTI_AGENT_MODE>
03:message/user:
    <ENVIRONMENT_CONTEXT>
04:message/user:
    use an app after it recovers
05:function_call/request_user_input:{"questions":[{"header":"Continue","id":"continue","options":[{"description":"Continue the test.","label...:"No"}],"question":"Continue after Apps recovers?"}]} [hash=31004ebd8cd711b2]
06:function_call_output:{"answers":{"continue":{"answers":["Yes (Recommended)"]}}}
07:message/developer[2]:
    [01] <APPS_INSTRUCTIONS>
    [02] <tools>
        Deferred tool namespaces:
        - mcp__codex_apps__calendar: Plan events and manage your calendar.
        </tools>
