---
source: core/tests/suite/mcp_tool_exposure.rs
expression: "format_labeled_requests_snapshot(\"Deferred namespaces appear after Apps recovers between sampling requests.\",\n&[(\"Apps unavailable\", &requests[0]), (\"Apps recovered\", &requests[1]),],)"
---
Scenario: Deferred namespaces appear after Apps recovers between sampling requests.

## Apps unavailable
00:message/developer:<PERMISSIONS_INSTRUCTIONS>
01:message/developer:You are `/root`, the primary agent in a team of agents collaborating to fulfill the user's goals...
02:message/developer:<multi_agent_mode>Any earlier instruction enabling proactive multi-agent delegation no longer ap...
03:message/user:<ENVIRONMENT_CONTEXT:cwd=<CWD>>
04:message/user:use an app after it recovers

## Apps recovered
00:message/developer:<PERMISSIONS_INSTRUCTIONS>
01:message/developer:You are `/root`, the primary agent in a team of agents collaborating to fulfill the user's goals...
02:message/developer:<multi_agent_mode>Any earlier instruction enabling proactive multi-agent delegation no longer ap...
03:message/user:<ENVIRONMENT_CONTEXT:cwd=<CWD>>
04:message/user:use an app after it recovers
05:function_call/request_user_input
06:function_call_output:{"answers":{"continue":{"answers":["Yes (Recommended)"]}}}
07:message/developer:<tools>
Deferred tool namespaces:
- mcp__codex_apps__calendar: Plan events and manage your calendar.
</tools>
