---
source: core/tests/suite/model_visible_layout.rs
expression: "format_labeled_requests_snapshot(\"First post-resume turn where resumed config model differs from rollout and personality changes.\",\n&[(\"Last Request Before Resume\", &initial_request),\n(\"First Request After Resume\", &resumed_request),])"
---
Scenario: First post-resume turn where resumed config model differs from rollout and personality changes.

## Last Request Before Resume
00:message/developer[2]:
    [01] <SKILLS_INSTRUCTIONS>
    [02] <PERMISSIONS_INSTRUCTIONS>
01:message/developer:You are `/root`, the primary agent in a team of agents collaborating to fulfill the user's goals...
02:message/developer:<multi_agent_mode>Any earlier instruction enabling proactive multi-agent delegation no longer ap...
03:message/user:<ENVIRONMENT_CONTEXT:cwd=<CWD>>
04:message/user:seed resume history

## First Request After Resume
00:message/developer[2]:
    [01] <SKILLS_INSTRUCTIONS>
    [02] <PERMISSIONS_INSTRUCTIONS>
01:message/developer:You are `/root`, the primary agent in a team of agents collaborating to fulfill the user's goals...
02:message/developer:<multi_agent_mode>Any earlier instruction enabling proactive multi-agent delegation no longer ap...
03:message/user:<ENVIRONMENT_CONTEXT:cwd=<CWD>>
04:message/user:seed resume history
05:message/assistant:recorded before resume
06:message/developer:<model_switch><bounded_world_state_section section="63fde66b7c231ccb5e54258ed2b846a7d29d1e80" ro...
07:message/developer:<PERMISSIONS_INSTRUCTIONS>
08:message/user:<ENVIRONMENT_CONTEXT:cwd=PRETURN_CONTEXT_DIFF_CWD>
09:message/user:resume and change personality
