---
source: core/tests/suite/external_agent_bounded_worker.rs
assertion_line: 127
expression: "serde_json::to_string_pretty(&spawn)?"
---
{
  "agent_type": "external_probe",
  "bounded_worker": {
    "max_input_bytes": 8192,
    "max_result_bytes": 256,
    "timeout_ms": 5000
  },
  "nickname": "[generated nickname]",
  "routing": {
    "effective": "external_probe",
    "kind": "explicit",
    "reason": "Explicit bounded worker; preflight runs after registration. Provider model, service tier, spending and internal request counts are unobserved.",
    "requested": "external_probe"
  },
  "supports_followup_messages": false,
  "task_name": "/root/external_probe"
}
