---
source: tui/src/bottom_pane/login_accounts_view_tests.rs
expression: "render_snapshot(&buf, area)"
---
┌───────────────────────── Manage Accounts ──────────────────────────┐
│ Connected Accounts                                                 │
│                                                                    │
│ > ChatGPT (sign-in required)                                       │
│                                                                    │
│ Add account...                                                     │
│                                                                    │
│ up/down Navigate  Enter Select  d Disconnect  Esc Close            │
└────────────────────────────────────────────────────────────────────┘
