---
source: tui/src/chatwidget/tests/popups_and_settings.rs
expression: popup
---
  Agents
  Third-party agent CLI status for spawn_agent.

› 1. Claude Code (installed)    Enabled selectors: claude-opus-4.8, claude-sonnet-4.6 Command: `claude` is
                                available on PATH.
  2. Qwen Code (not installed)  not installed - Install qwen-code and make sure `qwen` is on PATH.

  Press enter to confirm or esc to go back
